// Jest Snapshot v1, https://goo.gl/fbAQLP

exports[`renders correctly 1`] = `
<View>
  <Text>
    Hello world
  </Text>
</View>
`;

exports[`renders correctly 2`] = `
<View>
  <Text>
    Hello world
  </Text>
</View>
`;
